[0.006s] Invoking command in '/home/wu/Desktop/26_wuren_wuchunming/Ros2/ros2_homework_basic_ws/build/ros2_homework_basic_package': CMAKE_PREFIX_PATH=${CMAKE_PREFIX_PATH}:/opt/ros/humble /usr/bin/cmake /home/wu/Desktop/26_wuren_wuchunming/Ros2/ros2_homework_basic_ws/src/ros2_homework_basic_package -DCMAKE_INSTALL_PREFIX=/home/wu/Desktop/26_wuren_wuchunming/Ros2/ros2_homework_basic_ws/install/ros2_homework_basic_package
[0.070s] -- The C compiler identification is GNU 11.4.0
[0.132s] -- The CXX compiler identification is GNU 11.4.0
[0.137s] -- Detecting C compiler ABI info
[0.206s] -- Detecting C compiler ABI info - done
[0.215s] -- Check for working C compiler: /usr/bin/cc - skipped
[0.216s] -- Detecting C compile features
[0.216s] -- Detecting C compile features - done
[0.220s] -- Detecting CXX compiler ABI info
[0.297s] -- Detecting CXX compiler ABI info - done
[0.303s] -- Check for working CXX compiler: /usr/bin/c++ - skipped
[0.303s] -- Detecting CXX compile features
[0.303s] -- Detecting CXX compile features - done
[0.306s] -- Found ament_cmake: 1.3.14 (/opt/ros/humble/share/ament_cmake/cmake)
[0.425s] -- Found Python3: /usr/bin/python3 (found version "3.10.12") found components: Interpreter 
[0.497s] -- Found rclcpp: 16.0.19 (/opt/ros/humble/share/rclcpp/cmake)
[0.527s] -- Found rosidl_generator_c: 3.1.8 (/opt/ros/humble/share/rosidl_generator_c/cmake)
[0.530s] -- Found rosidl_adapter: 3.1.8 (/opt/ros/humble/share/rosidl_adapter/cmake)
[0.535s] -- Found rosidl_generator_cpp: 3.1.8 (/opt/ros/humble/share/rosidl_generator_cpp/cmake)
[0.542s] -- Using all available rosidl_typesupport_c: rosidl_typesupport_fastrtps_c;rosidl_typesupport_introspection_c
[0.552s] -- Using all available rosidl_typesupport_cpp: rosidl_typesupport_fastrtps_cpp;rosidl_typesupport_introspection_cpp
[0.579s] -- Found rmw_implementation_cmake: 6.1.2 (/opt/ros/humble/share/rmw_implementation_cmake/cmake)
[0.581s] -- Found rmw_fastrtps_cpp: 6.2.10 (/opt/ros/humble/share/rmw_fastrtps_cpp/cmake)
[0.656s] -- Found OpenSSL: /usr/lib/x86_64-linux-gnu/libcrypto.so (found version "3.0.2")  
[0.682s] -- Found FastRTPS: /opt/ros/humble/include  
[0.717s] -- Using RMW implementation 'rmw_fastrtps_cpp' as default
[0.722s] -- Looking for pthread.h
[0.807s] -- Looking for pthread.h - found
[0.808s] -- Performing Test CMAKE_HAVE_LIBC_PTHREAD
[0.876s] -- Performing Test CMAKE_HAVE_LIBC_PTHREAD - Success
[0.877s] -- Found Threads: TRUE  
[0.917s] -- Found geometry_msgs: 4.9.1 (/opt/ros/humble/share/geometry_msgs/cmake)
[0.928s] -- Found turtlesim: 1.4.3 (/opt/ros/humble/share/turtlesim/cmake)
[0.964s] -- Found ament_lint_auto: 0.12.15 (/opt/ros/humble/share/ament_lint_auto/cmake)
[1.021s] -- Added test 'cppcheck' to perform static code analysis on C / C++ code
[1.021s] -- Configured cppcheck include dirs: 
[1.021s] -- Configured cppcheck exclude dirs and/or files: 
[1.022s] -- Added test 'flake8' to check Python code syntax and style conventions
[1.022s] -- Added test 'lint_cmake' to check CMake code style
[1.023s] -- Added test 'pep257' to check Python code against some of the docstring style conventions in PEP 257
[1.023s] -- Added test 'uncrustify' to check C / C++ code style
[1.023s] -- Configured uncrustify additional arguments: 
[1.023s] -- Added test 'xmllint' to check XML markup files
[1.024s] -- Configuring done
[1.030s] -- Generating done
[1.032s] -- Build files have been written to: /home/wu/Desktop/26_wuren_wuchunming/Ros2/ros2_homework_basic_ws/build/ros2_homework_basic_package
[1.038s] Invoked command in '/home/wu/Desktop/26_wuren_wuchunming/Ros2/ros2_homework_basic_ws/build/ros2_homework_basic_package' returned '0': CMAKE_PREFIX_PATH=${CMAKE_PREFIX_PATH}:/opt/ros/humble /usr/bin/cmake /home/wu/Desktop/26_wuren_wuchunming/Ros2/ros2_homework_basic_ws/src/ros2_homework_basic_package -DCMAKE_INSTALL_PREFIX=/home/wu/Desktop/26_wuren_wuchunming/Ros2/ros2_homework_basic_ws/install/ros2_homework_basic_package
[1.040s] Invoking command in '/home/wu/Desktop/26_wuren_wuchunming/Ros2/ros2_homework_basic_ws/build/ros2_homework_basic_package': CMAKE_PREFIX_PATH=${CMAKE_PREFIX_PATH}:/opt/ros/humble /usr/bin/cmake --build /home/wu/Desktop/26_wuren_wuchunming/Ros2/ros2_homework_basic_ws/build/ros2_homework_basic_package -- -j24 -l24
[1.095s] [ 50%] [32mBuilding CXX object CMakeFiles/eight_move.dir/src/eight_move.cpp.o[0m
[3.625s] [100%] [32m[1mLinking CXX executable eight_move[0m
[3.757s] [100%] Built target eight_move
[3.766s] Invoked command in '/home/wu/Desktop/26_wuren_wuchunming/Ros2/ros2_homework_basic_ws/build/ros2_homework_basic_package' returned '0': CMAKE_PREFIX_PATH=${CMAKE_PREFIX_PATH}:/opt/ros/humble /usr/bin/cmake --build /home/wu/Desktop/26_wuren_wuchunming/Ros2/ros2_homework_basic_ws/build/ros2_homework_basic_package -- -j24 -l24
[3.776s] Invoking command in '/home/wu/Desktop/26_wuren_wuchunming/Ros2/ros2_homework_basic_ws/build/ros2_homework_basic_package': CMAKE_PREFIX_PATH=${CMAKE_PREFIX_PATH}:/opt/ros/humble /usr/bin/cmake --install /home/wu/Desktop/26_wuren_wuchunming/Ros2/ros2_homework_basic_ws/build/ros2_homework_basic_package
[3.784s] -- Install configuration: ""
[3.784s] -- Installing: /home/wu/Desktop/26_wuren_wuchunming/Ros2/ros2_homework_basic_ws/install/ros2_homework_basic_package/lib/ros2_homework_basic_package/eight_move
[3.785s] -- Set runtime path of "/home/wu/Desktop/26_wuren_wuchunming/Ros2/ros2_homework_basic_ws/install/ros2_homework_basic_package/lib/ros2_homework_basic_package/eight_move" to ""
[3.785s] -- Installing: /home/wu/Desktop/26_wuren_wuchunming/Ros2/ros2_homework_basic_ws/install/ros2_homework_basic_package/share/ros2_homework_basic_package/config
[3.786s] -- Installing: /home/wu/Desktop/26_wuren_wuchunming/Ros2/ros2_homework_basic_ws/install/ros2_homework_basic_package/share/ros2_homework_basic_package/config/params.yaml
[3.787s] -- Installing: /home/wu/Desktop/26_wuren_wuchunming/Ros2/ros2_homework_basic_ws/install/ros2_homework_basic_package/share/ros2_homework_basic_package/launch
[3.787s] -- Installing: /home/wu/Desktop/26_wuren_wuchunming/Ros2/ros2_homework_basic_ws/install/ros2_homework_basic_package/share/ros2_homework_basic_package/launch/eight_move.launch.py
[3.787s] -- Installing: /home/wu/Desktop/26_wuren_wuchunming/Ros2/ros2_homework_basic_ws/install/ros2_homework_basic_package/share/ament_index/resource_index/package_run_dependencies/ros2_homework_basic_package
[3.787s] -- Installing: /home/wu/Desktop/26_wuren_wuchunming/Ros2/ros2_homework_basic_ws/install/ros2_homework_basic_package/share/ament_index/resource_index/parent_prefix_path/ros2_homework_basic_package
[3.787s] -- Installing: /home/wu/Desktop/26_wuren_wuchunming/Ros2/ros2_homework_basic_ws/install/ros2_homework_basic_package/share/ros2_homework_basic_package/environment/ament_prefix_path.sh
[3.787s] -- Installing: /home/wu/Desktop/26_wuren_wuchunming/Ros2/ros2_homework_basic_ws/install/ros2_homework_basic_package/share/ros2_homework_basic_package/environment/ament_prefix_path.dsv
[3.787s] -- Installing: /home/wu/Desktop/26_wuren_wuchunming/Ros2/ros2_homework_basic_ws/install/ros2_homework_basic_package/share/ros2_homework_basic_package/environment/path.sh
[3.788s] -- Installing: /home/wu/Desktop/26_wuren_wuchunming/Ros2/ros2_homework_basic_ws/install/ros2_homework_basic_package/share/ros2_homework_basic_package/environment/path.dsv
[3.788s] -- Installing: /home/wu/Desktop/26_wuren_wuchunming/Ros2/ros2_homework_basic_ws/install/ros2_homework_basic_package/share/ros2_homework_basic_package/local_setup.bash
[3.788s] -- Installing: /home/wu/Desktop/26_wuren_wuchunming/Ros2/ros2_homework_basic_ws/install/ros2_homework_basic_package/share/ros2_homework_basic_package/local_setup.sh
[3.788s] -- Installing: /home/wu/Desktop/26_wuren_wuchunming/Ros2/ros2_homework_basic_ws/install/ros2_homework_basic_package/share/ros2_homework_basic_package/local_setup.zsh
[3.788s] -- Installing: /home/wu/Desktop/26_wuren_wuchunming/Ros2/ros2_homework_basic_ws/install/ros2_homework_basic_package/share/ros2_homework_basic_package/local_setup.dsv
[3.788s] -- Installing: /home/wu/Desktop/26_wuren_wuchunming/Ros2/ros2_homework_basic_ws/install/ros2_homework_basic_package/share/ros2_homework_basic_package/package.dsv
[3.788s] -- Installing: /home/wu/Desktop/26_wuren_wuchunming/Ros2/ros2_homework_basic_ws/install/ros2_homework_basic_package/share/ament_index/resource_index/packages/ros2_homework_basic_package
[3.789s] -- Installing: /home/wu/Desktop/26_wuren_wuchunming/Ros2/ros2_homework_basic_ws/install/ros2_homework_basic_package/share/ros2_homework_basic_package/cmake/ros2_homework_basic_packageConfig.cmake
[3.789s] -- Installing: /home/wu/Desktop/26_wuren_wuchunming/Ros2/ros2_homework_basic_ws/install/ros2_homework_basic_package/share/ros2_homework_basic_package/cmake/ros2_homework_basic_packageConfig-version.cmake
[3.789s] -- Installing: /home/wu/Desktop/26_wuren_wuchunming/Ros2/ros2_homework_basic_ws/install/ros2_homework_basic_package/share/ros2_homework_basic_package/package.xml
[3.790s] Invoked command in '/home/wu/Desktop/26_wuren_wuchunming/Ros2/ros2_homework_basic_ws/build/ros2_homework_basic_package' returned '0': CMAKE_PREFIX_PATH=${CMAKE_PREFIX_PATH}:/opt/ros/humble /usr/bin/cmake --install /home/wu/Desktop/26_wuren_wuchunming/Ros2/ros2_homework_basic_ws/build/ros2_homework_basic_package
