[0.010s] Invoking command in '/home/wu/Desktop/26_wuren_wuchunming/Ros2/ros2_homework_basic_ws/build/ros2_homework_basic_package': CMAKE_PREFIX_PATH=${CMAKE_PREFIX_PATH}:/opt/ros/humble /usr/bin/cmake --build /home/wu/Desktop/26_wuren_wuchunming/Ros2/ros2_homework_basic_ws/build/ros2_homework_basic_package -- -j24 -l24
[0.066s] [35m[1mConsolidate compiler generated dependencies of target eight_move[0m
[0.085s] [ 50%] [32mBuilding CXX object CMakeFiles/eight_move.dir/src/eight_move.cpp.o[0m
[2.909s] [100%] [32m[1mLinking CXX executable eight_move[0m
[3.078s] [100%] Built target eight_move
[3.089s] Invoked command in '/home/wu/Desktop/26_wuren_wuchunming/Ros2/ros2_homework_basic_ws/build/ros2_homework_basic_package' returned '0': CMAKE_PREFIX_PATH=${CMAKE_PREFIX_PATH}:/opt/ros/humble /usr/bin/cmake --build /home/wu/Desktop/26_wuren_wuchunming/Ros2/ros2_homework_basic_ws/build/ros2_homework_basic_package -- -j24 -l24
[3.099s] Invoking command in '/home/wu/Desktop/26_wuren_wuchunming/Ros2/ros2_homework_basic_ws/build/ros2_homework_basic_package': CMAKE_PREFIX_PATH=${CMAKE_PREFIX_PATH}:/opt/ros/humble /usr/bin/cmake --install /home/wu/Desktop/26_wuren_wuchunming/Ros2/ros2_homework_basic_ws/build/ros2_homework_basic_package
[3.107s] -- Install configuration: ""
[3.107s] -- Installing: /home/wu/Desktop/26_wuren_wuchunming/Ros2/ros2_homework_basic_ws/install/ros2_homework_basic_package/lib/ros2_homework_basic_package/eight_move
[3.109s] -- Set runtime path of "/home/wu/Desktop/26_wuren_wuchunming/Ros2/ros2_homework_basic_ws/install/ros2_homework_basic_package/lib/ros2_homework_basic_package/eight_move" to ""
[3.109s] -- Up-to-date: /home/wu/Desktop/26_wuren_wuchunming/Ros2/ros2_homework_basic_ws/install/ros2_homework_basic_package/share/ros2_homework_basic_package/config
[3.109s] -- Up-to-date: /home/wu/Desktop/26_wuren_wuchunming/Ros2/ros2_homework_basic_ws/install/ros2_homework_basic_package/share/ros2_homework_basic_package/config/params.yaml
[3.109s] -- Up-to-date: /home/wu/Desktop/26_wuren_wuchunming/Ros2/ros2_homework_basic_ws/install/ros2_homework_basic_package/share/ros2_homework_basic_package/launch
[3.109s] -- Installing: /home/wu/Desktop/26_wuren_wuchunming/Ros2/ros2_homework_basic_ws/install/ros2_homework_basic_package/share/ros2_homework_basic_package/launch/eight_move.launch.py
[3.109s] -- Up-to-date: /home/wu/Desktop/26_wuren_wuchunming/Ros2/ros2_homework_basic_ws/install/ros2_homework_basic_package/share/ament_index/resource_index/package_run_dependencies/ros2_homework_basic_package
[3.110s] -- Up-to-date: /home/wu/Desktop/26_wuren_wuchunming/Ros2/ros2_homework_basic_ws/install/ros2_homework_basic_package/share/ament_index/resource_index/parent_prefix_path/ros2_homework_basic_package
[3.110s] -- Up-to-date: /home/wu/Desktop/26_wuren_wuchunming/Ros2/ros2_homework_basic_ws/install/ros2_homework_basic_package/share/ros2_homework_basic_package/environment/ament_prefix_path.sh
[3.110s] -- Up-to-date: /home/wu/Desktop/26_wuren_wuchunming/Ros2/ros2_homework_basic_ws/install/ros2_homework_basic_package/share/ros2_homework_basic_package/environment/ament_prefix_path.dsv
[3.110s] -- Up-to-date: /home/wu/Desktop/26_wuren_wuchunming/Ros2/ros2_homework_basic_ws/install/ros2_homework_basic_package/share/ros2_homework_basic_package/environment/path.sh
[3.110s] -- Up-to-date: /home/wu/Desktop/26_wuren_wuchunming/Ros2/ros2_homework_basic_ws/install/ros2_homework_basic_package/share/ros2_homework_basic_package/environment/path.dsv
[3.110s] -- Up-to-date: /home/wu/Desktop/26_wuren_wuchunming/Ros2/ros2_homework_basic_ws/install/ros2_homework_basic_package/share/ros2_homework_basic_package/local_setup.bash
[3.110s] -- Up-to-date: /home/wu/Desktop/26_wuren_wuchunming/Ros2/ros2_homework_basic_ws/install/ros2_homework_basic_package/share/ros2_homework_basic_package/local_setup.sh
[3.110s] -- Up-to-date: /home/wu/Desktop/26_wuren_wuchunming/Ros2/ros2_homework_basic_ws/install/ros2_homework_basic_package/share/ros2_homework_basic_package/local_setup.zsh
[3.110s] -- Up-to-date: /home/wu/Desktop/26_wuren_wuchunming/Ros2/ros2_homework_basic_ws/install/ros2_homework_basic_package/share/ros2_homework_basic_package/local_setup.dsv
[3.110s] -- Installing: /home/wu/Desktop/26_wuren_wuchunming/Ros2/ros2_homework_basic_ws/install/ros2_homework_basic_package/share/ros2_homework_basic_package/package.dsv
[3.110s] -- Up-to-date: /home/wu/Desktop/26_wuren_wuchunming/Ros2/ros2_homework_basic_ws/install/ros2_homework_basic_package/share/ament_index/resource_index/packages/ros2_homework_basic_package
[3.110s] -- Up-to-date: /home/wu/Desktop/26_wuren_wuchunming/Ros2/ros2_homework_basic_ws/install/ros2_homework_basic_package/share/ros2_homework_basic_package/cmake/ros2_homework_basic_packageConfig.cmake
[3.110s] -- Up-to-date: /home/wu/Desktop/26_wuren_wuchunming/Ros2/ros2_homework_basic_ws/install/ros2_homework_basic_package/share/ros2_homework_basic_package/cmake/ros2_homework_basic_packageConfig-version.cmake
[3.110s] -- Up-to-date: /home/wu/Desktop/26_wuren_wuchunming/Ros2/ros2_homework_basic_ws/install/ros2_homework_basic_package/share/ros2_homework_basic_package/package.xml
[3.112s] Invoked command in '/home/wu/Desktop/26_wuren_wuchunming/Ros2/ros2_homework_basic_ws/build/ros2_homework_basic_package' returned '0': CMAKE_PREFIX_PATH=${CMAKE_PREFIX_PATH}:/opt/ros/humble /usr/bin/cmake --install /home/wu/Desktop/26_wuren_wuchunming/Ros2/ros2_homework_basic_ws/build/ros2_homework_basic_package
