-- The C compiler identification is GNU 11.4.0
-- The CXX compiler identification is GNU 11.4.0
-- Detecting C compiler ABI info
-- Detecting C compiler ABI info - done
-- Check for working C compiler: /usr/bin/cc - skipped
-- Detecting C compile features
-- Detecting C compile features - done
-- Detecting CXX compiler ABI info
-- Detecting CXX compiler ABI info - done
-- Check for working CXX compiler: /usr/bin/c++ - skipped
-- Detecting CXX compile features
-- Detecting CXX compile features - done
-- Found ament_cmake: 1.3.14 (/opt/ros/humble/share/ament_cmake/cmake)
-- Found Python3: /usr/bin/python3 (found version "3.10.12") found components: Interpreter 
-- Found rclcpp: 16.0.19 (/opt/ros/humble/share/rclcpp/cmake)
-- Found rosidl_generator_c: 3.1.8 (/opt/ros/humble/share/rosidl_generator_c/cmake)
-- Found rosidl_adapter: 3.1.8 (/opt/ros/humble/share/rosidl_adapter/cmake)
-- Found rosidl_generator_cpp: 3.1.8 (/opt/ros/humble/share/rosidl_generator_cpp/cmake)
-- Using all available rosidl_typesupport_c: rosidl_typesupport_fastrtps_c;rosidl_typesupport_introspection_c
-- Using all available rosidl_typesupport_cpp: rosidl_typesupport_fastrtps_cpp;rosidl_typesupport_introspection_cpp
-- Found rmw_implementation_cmake: 6.1.2 (/opt/ros/humble/share/rmw_implementation_cmake/cmake)
-- Found rmw_fastrtps_cpp: 6.2.10 (/opt/ros/humble/share/rmw_fastrtps_cpp/cmake)
-- Found OpenSSL: /usr/lib/x86_64-linux-gnu/libcrypto.so (found version "3.0.2")  
-- Found FastRTPS: /opt/ros/humble/include  
-- Using RMW implementation 'rmw_fastrtps_cpp' as default
-- Looking for pthread.h
-- Looking for pthread.h - found
-- Performing Test CMAKE_HAVE_LIBC_PTHREAD
-- Performing Test CMAKE_HAVE_LIBC_PTHREAD - Success
-- Found Threads: TRUE  
-- Found fsd_common_msgs: 0.0.0 (/home/wu/Desktop/26_wuren_wuchunming/Ros2/ros2_homework_advanced_ws/install/fsd_common_msgs/share/fsd_common_msgs/cmake)
-- Found visualization_msgs: 4.9.1 (/opt/ros/humble/share/visualization_msgs/cmake)
-- Found ament_lint_auto: 0.12.15 (/opt/ros/humble/share/ament_lint_auto/cmake)
-- Added test 'cppcheck' to perform static code analysis on C / C++ code
-- Configured cppcheck include dirs: 
-- Configured cppcheck exclude dirs and/or files: 
-- Added test 'flake8' to check Python code syntax and style conventions
-- Added test 'lint_cmake' to check CMake code style
-- Added test 'pep257' to check Python code against some of the docstring style conventions in PEP 257
-- Added test 'uncrustify' to check C / C++ code style
-- Configured uncrustify additional arguments: 
-- Added test 'xmllint' to check XML markup files
-- Configuring done
-- Generating done
-- Build files have been written to: /home/wu/Desktop/26_wuren_wuchunming/Ros2/ros2_homework_advanced_ws/build/ros2_homework_advanced_package
[ 50%] [32mBuilding CXX object CMakeFiles/map_builder.dir/src/map_builder.cpp.o[0m
[100%] [32m[1mLinking CXX executable map_builder[0m
[100%] Built target map_builder
-- Install configuration: ""
-- Installing: /home/wu/Desktop/26_wuren_wuchunming/Ros2/ros2_homework_advanced_ws/install/ros2_homework_advanced_package/lib/ros2_homework_advanced_package/map_builder
-- Set runtime path of "/home/wu/Desktop/26_wuren_wuchunming/Ros2/ros2_homework_advanced_ws/install/ros2_homework_advanced_package/lib/ros2_homework_advanced_package/map_builder" to ""
-- Installing: /home/wu/Desktop/26_wuren_wuchunming/Ros2/ros2_homework_advanced_ws/install/ros2_homework_advanced_package/share/ros2_homework_advanced_package/bag
-- Installing: /home/wu/Desktop/26_wuren_wuchunming/Ros2/ros2_homework_advanced_ws/install/ros2_homework_advanced_package/share/ros2_homework_advanced_package/bag/frames_2026-06-04_22.24.36.pdf
-- Installing: /home/wu/Desktop/26_wuren_wuchunming/Ros2/ros2_homework_advanced_ws/install/ros2_homework_advanced_package/share/ros2_homework_advanced_package/bag/metadata.yaml
-- Installing: /home/wu/Desktop/26_wuren_wuchunming/Ros2/ros2_homework_advanced_ws/install/ros2_homework_advanced_package/share/ros2_homework_advanced_package/bag/frames_2026-06-04_22.24.36.gv
-- Installing: /home/wu/Desktop/26_wuren_wuchunming/Ros2/ros2_homework_advanced_ws/install/ros2_homework_advanced_package/share/ros2_homework_advanced_package/bag/map_to_visualize_0.db3
-- Installing: /home/wu/Desktop/26_wuren_wuchunming/Ros2/ros2_homework_advanced_ws/install/ros2_homework_advanced_package/share/ros2_homework_advanced_package/launch
-- Installing: /home/wu/Desktop/26_wuren_wuchunming/Ros2/ros2_homework_advanced_ws/install/ros2_homework_advanced_package/share/ros2_homework_advanced_package/launch/map_builder.launch.py
-- Installing: /home/wu/Desktop/26_wuren_wuchunming/Ros2/ros2_homework_advanced_ws/install/ros2_homework_advanced_package/share/ros2_homework_advanced_package/config
-- Installing: /home/wu/Desktop/26_wuren_wuchunming/Ros2/ros2_homework_advanced_ws/install/ros2_homework_advanced_package/share/ros2_homework_advanced_package/config/rviz_init.rviz
-- Installing: /home/wu/Desktop/26_wuren_wuchunming/Ros2/ros2_homework_advanced_ws/install/ros2_homework_advanced_package/share/ament_index/resource_index/package_run_dependencies/ros2_homework_advanced_package
-- Installing: /home/wu/Desktop/26_wuren_wuchunming/Ros2/ros2_homework_advanced_ws/install/ros2_homework_advanced_package/share/ament_index/resource_index/parent_prefix_path/ros2_homework_advanced_package
-- Installing: /home/wu/Desktop/26_wuren_wuchunming/Ros2/ros2_homework_advanced_ws/install/ros2_homework_advanced_package/share/ros2_homework_advanced_package/environment/ament_prefix_path.sh
-- Installing: /home/wu/Desktop/26_wuren_wuchunming/Ros2/ros2_homework_advanced_ws/install/ros2_homework_advanced_package/share/ros2_homework_advanced_package/environment/ament_prefix_path.dsv
-- Installing: /home/wu/Desktop/26_wuren_wuchunming/Ros2/ros2_homework_advanced_ws/install/ros2_homework_advanced_package/share/ros2_homework_advanced_package/environment/path.sh
-- Installing: /home/wu/Desktop/26_wuren_wuchunming/Ros2/ros2_homework_advanced_ws/install/ros2_homework_advanced_package/share/ros2_homework_advanced_package/environment/path.dsv
-- Installing: /home/wu/Desktop/26_wuren_wuchunming/Ros2/ros2_homework_advanced_ws/install/ros2_homework_advanced_package/share/ros2_homework_advanced_package/local_setup.bash
-- Installing: /home/wu/Desktop/26_wuren_wuchunming/Ros2/ros2_homework_advanced_ws/install/ros2_homework_advanced_package/share/ros2_homework_advanced_package/local_setup.sh
-- Installing: /home/wu/Desktop/26_wuren_wuchunming/Ros2/ros2_homework_advanced_ws/install/ros2_homework_advanced_package/share/ros2_homework_advanced_package/local_setup.zsh
-- Installing: /home/wu/Desktop/26_wuren_wuchunming/Ros2/ros2_homework_advanced_ws/install/ros2_homework_advanced_package/share/ros2_homework_advanced_package/local_setup.dsv
-- Installing: /home/wu/Desktop/26_wuren_wuchunming/Ros2/ros2_homework_advanced_ws/install/ros2_homework_advanced_package/share/ros2_homework_advanced_package/package.dsv
-- Installing: /home/wu/Desktop/26_wuren_wuchunming/Ros2/ros2_homework_advanced_ws/install/ros2_homework_advanced_package/share/ament_index/resource_index/packages/ros2_homework_advanced_package
-- Installing: /home/wu/Desktop/26_wuren_wuchunming/Ros2/ros2_homework_advanced_ws/install/ros2_homework_advanced_package/share/ros2_homework_advanced_package/cmake/ros2_homework_advanced_packageConfig.cmake
-- Installing: /home/wu/Desktop/26_wuren_wuchunming/Ros2/ros2_homework_advanced_ws/install/ros2_homework_advanced_package/share/ros2_homework_advanced_package/cmake/ros2_homework_advanced_packageConfig-version.cmake
-- Installing: /home/wu/Desktop/26_wuren_wuchunming/Ros2/ros2_homework_advanced_ws/install/ros2_homework_advanced_package/share/ros2_homework_advanced_package/package.xml
