[0.008s] Invoking command in '/home/wu/Desktop/26_wuren_wuchunming/Ros2/ros2_homework_basic_ws/build/ros2_homework_basic_package': CMAKE_PREFIX_PATH=${CMAKE_PREFIX_PATH}:/opt/ros/humble /usr/bin/cmake --build /home/wu/Desktop/26_wuren_wuchunming/Ros2/ros2_homework_basic_ws/build/ros2_homework_basic_package -- -j24 -l24
[0.055s] [35m[1mConsolidate compiler generated dependencies of target eight_move[0m
[0.078s] [ 50%] [32mBuilding CXX object CMakeFiles/eight_move.dir/src/eight_move.cpp.o[0m
[2.758s] [100%] [32m[1mLinking CXX executable eight_move[0m
[2.933s] [100%] Built target eight_move
[2.943s] Invoked command in '/home/wu/Desktop/26_wuren_wuchunming/Ros2/ros2_homework_basic_ws/build/ros2_homework_basic_package' returned '0': CMAKE_PREFIX_PATH=${CMAKE_PREFIX_PATH}:/opt/ros/humble /usr/bin/cmake --build /home/wu/Desktop/26_wuren_wuchunming/Ros2/ros2_homework_basic_ws/build/ros2_homework_basic_package -- -j24 -l24
[2.953s] Invoking command in '/home/wu/Desktop/26_wuren_wuchunming/Ros2/ros2_homework_basic_ws/build/ros2_homework_basic_package': CMAKE_PREFIX_PATH=${CMAKE_PREFIX_PATH}:/opt/ros/humble /usr/bin/cmake --install /home/wu/Desktop/26_wuren_wuchunming/Ros2/ros2_homework_basic_ws/build/ros2_homework_basic_package
[2.959s] -- Install configuration: ""
[2.959s] -- Installing: /home/wu/Desktop/26_wuren_wuchunming/Ros2/ros2_homework_basic_ws/install/ros2_homework_basic_package/lib/ros2_homework_basic_package/eight_move
[2.961s] -- Set runtime path of "/home/wu/Desktop/26_wuren_wuchunming/Ros2/ros2_homework_basic_ws/install/ros2_homework_basic_package/lib/ros2_homework_basic_package/eight_move" to ""
[2.961s] -- Up-to-date: /home/wu/Desktop/26_wuren_wuchunming/Ros2/ros2_homework_basic_ws/install/ros2_homework_basic_package/share/ros2_homework_basic_package/config
[2.961s] -- Installing: /home/wu/Desktop/26_wuren_wuchunming/Ros2/ros2_homework_basic_ws/install/ros2_homework_basic_package/share/ros2_homework_basic_package/config/params.yaml
[2.961s] -- Up-to-date: /home/wu/Desktop/26_wuren_wuchunming/Ros2/ros2_homework_basic_ws/install/ros2_homework_basic_package/share/ros2_homework_basic_package/launch
[2.961s] -- Up-to-date: /home/wu/Desktop/26_wuren_wuchunming/Ros2/ros2_homework_basic_ws/install/ros2_homework_basic_package/share/ros2_homework_basic_package/launch/eight_move.launch.py
[2.961s] -- Up-to-date: /home/wu/Desktop/26_wuren_wuchunming/Ros2/ros2_homework_basic_ws/install/ros2_homework_basic_package/share/ament_index/resource_index/package_run_dependencies/ros2_homework_basic_package
[2.961s] -- Up-to-date: /home/wu/Desktop/26_wuren_wuchunming/Ros2/ros2_homework_basic_ws/install/ros2_homework_basic_package/share/ament_index/resource_index/parent_prefix_path/ros2_homework_basic_package
[2.961s] -- Up-to-date: /home/wu/Desktop/26_wuren_wuchunming/Ros2/ros2_homework_basic_ws/install/ros2_homework_basic_package/share/ros2_homework_basic_package/environment/ament_prefix_path.sh
[2.961s] -- Up-to-date: /home/wu/Desktop/26_wuren_wuchunming/Ros2/ros2_homework_basic_ws/install/ros2_homework_basic_package/share/ros2_homework_basic_package/environment/ament_prefix_path.dsv
[2.961s] -- Up-to-date: /home/wu/Desktop/26_wuren_wuchunming/Ros2/ros2_homework_basic_ws/install/ros2_homework_basic_package/share/ros2_homework_basic_package/environment/path.sh
[2.961s] -- Up-to-date: /home/wu/Desktop/26_wuren_wuchunming/Ros2/ros2_homework_basic_ws/install/ros2_homework_basic_package/share/ros2_homework_basic_package/environment/path.dsv
[2.961s] -- Up-to-date: /home/wu/Desktop/26_wuren_wuchunming/Ros2/ros2_homework_basic_ws/install/ros2_homework_basic_package/share/ros2_homework_basic_package/local_setup.bash
[2.961s] -- Up-to-date: /home/wu/Desktop/26_wuren_wuchunming/Ros2/ros2_homework_basic_ws/install/ros2_homework_basic_package/share/ros2_homework_basic_package/local_setup.sh
[2.961s] -- Up-to-date: /home/wu/Desktop/26_wuren_wuchunming/Ros2/ros2_homework_basic_ws/install/ros2_homework_basic_package/share/ros2_homework_basic_package/local_setup.zsh
[2.961s] -- Up-to-date: /home/wu/Desktop/26_wuren_wuchunming/Ros2/ros2_homework_basic_ws/install/ros2_homework_basic_package/share/ros2_homework_basic_package/local_setup.dsv
[2.961s] -- Installing: /home/wu/Desktop/26_wuren_wuchunming/Ros2/ros2_homework_basic_ws/install/ros2_homework_basic_package/share/ros2_homework_basic_package/package.dsv
[2.961s] -- Up-to-date: /home/wu/Desktop/26_wuren_wuchunming/Ros2/ros2_homework_basic_ws/install/ros2_homework_basic_package/share/ament_index/resource_index/packages/ros2_homework_basic_package
[2.961s] -- Up-to-date: /home/wu/Desktop/26_wuren_wuchunming/Ros2/ros2_homework_basic_ws/install/ros2_homework_basic_package/share/ros2_homework_basic_package/cmake/ros2_homework_basic_packageConfig.cmake
[2.961s] -- Up-to-date: /home/wu/Desktop/26_wuren_wuchunming/Ros2/ros2_homework_basic_ws/install/ros2_homework_basic_package/share/ros2_homework_basic_package/cmake/ros2_homework_basic_packageConfig-version.cmake
[2.961s] -- Up-to-date: /home/wu/Desktop/26_wuren_wuchunming/Ros2/ros2_homework_basic_ws/install/ros2_homework_basic_package/share/ros2_homework_basic_package/package.xml
[2.962s] Invoked command in '/home/wu/Desktop/26_wuren_wuchunming/Ros2/ros2_homework_basic_ws/build/ros2_homework_basic_package' returned '0': CMAKE_PREFIX_PATH=${CMAKE_PREFIX_PATH}:/opt/ros/humble /usr/bin/cmake --install /home/wu/Desktop/26_wuren_wuchunming/Ros2/ros2_homework_basic_ws/build/ros2_homework_basic_package
