[0.063s] DEBUG:colcon:Command line arguments: ['/usr/bin/colcon', 'build']
[0.063s] DEBUG:colcon:Parsed command line arguments: Namespace(log_base=None, log_level=None, verb_name='build', build_base='build', install_base='install', merge_install=False, symlink_install=False, test_result_base=None, continue_on_error=False, executor='parallel', parallel_workers=24, event_handlers=None, ignore_user_meta=False, metas=['./colcon.meta'], base_paths=['.'], packages_ignore=None, packages_ignore_regex=None, paths=None, packages_up_to=None, packages_up_to_regex=None, packages_above=None, packages_above_and_dependencies=None, packages_above_depth=None, packages_select_by_dep=None, packages_skip_by_dep=None, packages_skip_up_to=None, packages_select_build_failed=False, packages_skip_build_finished=False, packages_select_test_failures=False, packages_skip_test_passed=False, packages_select=None, packages_skip=None, packages_select_regex=None, packages_skip_regex=None, packages_start=None, packages_end=None, allow_overriding=[], cmake_args=None, cmake_target=None, cmake_target_skip_unavailable=False, cmake_clean_cache=False, cmake_clean_first=False, cmake_force_configure=False, ament_cmake_args=None, catkin_cmake_args=None, catkin_skip_building_tests=False, verb_parser=<colcon_defaults.argument_parser.defaults.DefaultArgumentsDecorator object at 0x72bcfbd65420>, verb_extension=<colcon_core.verb.build.BuildVerb object at 0x72bcfbd64e80>, main=<bound method BuildVerb.main of <colcon_core.verb.build.BuildVerb object at 0x72bcfbd64e80>>)
[0.163s] Level 1:colcon.colcon_core.package_discovery:discover_packages(colcon_meta) check parameters
[0.163s] Level 1:colcon.colcon_core.package_discovery:discover_packages(recursive) check parameters
[0.163s] Level 1:colcon.colcon_core.package_discovery:discover_packages(ignore) check parameters
[0.163s] Level 1:colcon.colcon_core.package_discovery:discover_packages(path) check parameters
[0.163s] Level 1:colcon.colcon_core.package_discovery:discover_packages(colcon_meta) discover
[0.163s] Level 1:colcon.colcon_core.package_discovery:discover_packages(recursive) discover
[0.163s] INFO:colcon.colcon_core.package_discovery:Crawling recursively for packages in '/home/wu/Desktop/26_wuren_wuchunming/Ros2/ros2_homework_advanced_ws'
[0.163s] Level 1:colcon.colcon_core.package_identification:_identify(.) by extensions ['ignore', 'ignore_ament_install']
[0.163s] Level 1:colcon.colcon_core.package_identification:_identify(.) by extension 'ignore'
[0.163s] Level 1:colcon.colcon_core.package_identification:_identify(.) by extension 'ignore_ament_install'
[0.163s] Level 1:colcon.colcon_core.package_identification:_identify(.) by extensions ['colcon_pkg']
[0.163s] Level 1:colcon.colcon_core.package_identification:_identify(.) by extension 'colcon_pkg'
[0.163s] Level 1:colcon.colcon_core.package_identification:_identify(.) by extensions ['colcon_meta']
[0.163s] Level 1:colcon.colcon_core.package_identification:_identify(.) by extension 'colcon_meta'
[0.163s] Level 1:colcon.colcon_core.package_identification:_identify(.) by extensions ['ros']
[0.163s] Level 1:colcon.colcon_core.package_identification:_identify(.) by extension 'ros'
[0.170s] Level 1:colcon.colcon_core.package_identification:_identify(.) by extensions ['cmake', 'python']
[0.170s] Level 1:colcon.colcon_core.package_identification:_identify(.) by extension 'cmake'
[0.171s] Level 1:colcon.colcon_core.package_identification:_identify(.) by extension 'python'
[0.171s] Level 1:colcon.colcon_core.package_identification:_identify(.) by extensions ['python_setup_py']
[0.171s] Level 1:colcon.colcon_core.package_identification:_identify(.) by extension 'python_setup_py'
[0.171s] Level 1:colcon.colcon_core.package_identification:_identify(build) by extensions ['ignore', 'ignore_ament_install']
[0.171s] Level 1:colcon.colcon_core.package_identification:_identify(build) by extension 'ignore'
[0.171s] Level 1:colcon.colcon_core.package_identification:_identify(build) ignored
[0.171s] Level 1:colcon.colcon_core.package_identification:_identify(install) by extensions ['ignore', 'ignore_ament_install']
[0.171s] Level 1:colcon.colcon_core.package_identification:_identify(install) by extension 'ignore'
[0.171s] Level 1:colcon.colcon_core.package_identification:_identify(install) ignored
[0.171s] Level 1:colcon.colcon_core.package_identification:_identify(log) by extensions ['ignore', 'ignore_ament_install']
[0.171s] Level 1:colcon.colcon_core.package_identification:_identify(log) by extension 'ignore'
[0.171s] Level 1:colcon.colcon_core.package_identification:_identify(log) ignored
[0.171s] Level 1:colcon.colcon_core.package_identification:_identify(src) by extensions ['ignore', 'ignore_ament_install']
[0.171s] Level 1:colcon.colcon_core.package_identification:_identify(src) by extension 'ignore'
[0.171s] Level 1:colcon.colcon_core.package_identification:_identify(src) by extension 'ignore_ament_install'
[0.171s] Level 1:colcon.colcon_core.package_identification:_identify(src) by extensions ['colcon_pkg']
[0.171s] Level 1:colcon.colcon_core.package_identification:_identify(src) by extension 'colcon_pkg'
[0.171s] Level 1:colcon.colcon_core.package_identification:_identify(src) by extensions ['colcon_meta']
[0.171s] Level 1:colcon.colcon_core.package_identification:_identify(src) by extension 'colcon_meta'
[0.171s] Level 1:colcon.colcon_core.package_identification:_identify(src) by extensions ['ros']
[0.171s] Level 1:colcon.colcon_core.package_identification:_identify(src) by extension 'ros'
[0.171s] Level 1:colcon.colcon_core.package_identification:_identify(src) by extensions ['cmake', 'python']
[0.171s] Level 1:colcon.colcon_core.package_identification:_identify(src) by extension 'cmake'
[0.171s] Level 1:colcon.colcon_core.package_identification:_identify(src) by extension 'python'
[0.171s] Level 1:colcon.colcon_core.package_identification:_identify(src) by extensions ['python_setup_py']
[0.171s] Level 1:colcon.colcon_core.package_identification:_identify(src) by extension 'python_setup_py'
[0.171s] Level 1:colcon.colcon_core.package_identification:_identify(src/fsd_common_msgs) by extensions ['ignore', 'ignore_ament_install']
[0.171s] Level 1:colcon.colcon_core.package_identification:_identify(src/fsd_common_msgs) by extension 'ignore'
[0.172s] Level 1:colcon.colcon_core.package_identification:_identify(src/fsd_common_msgs) by extension 'ignore_ament_install'
[0.172s] Level 1:colcon.colcon_core.package_identification:_identify(src/fsd_common_msgs) by extensions ['colcon_pkg']
[0.172s] Level 1:colcon.colcon_core.package_identification:_identify(src/fsd_common_msgs) by extension 'colcon_pkg'
[0.172s] Level 1:colcon.colcon_core.package_identification:_identify(src/fsd_common_msgs) by extensions ['colcon_meta']
[0.172s] Level 1:colcon.colcon_core.package_identification:_identify(src/fsd_common_msgs) by extension 'colcon_meta'
[0.172s] Level 1:colcon.colcon_core.package_identification:_identify(src/fsd_common_msgs) by extensions ['ros']
[0.172s] Level 1:colcon.colcon_core.package_identification:_identify(src/fsd_common_msgs) by extension 'ros'
[0.174s] DEBUG:colcon.colcon_core.package_identification:Package 'src/fsd_common_msgs' with type 'ros.ament_cmake' and name 'fsd_common_msgs'
[0.174s] Level 1:colcon.colcon_core.package_identification:_identify(src/ros2_homework_advanced_package) by extensions ['ignore', 'ignore_ament_install']
[0.174s] Level 1:colcon.colcon_core.package_identification:_identify(src/ros2_homework_advanced_package) by extension 'ignore'
[0.174s] Level 1:colcon.colcon_core.package_identification:_identify(src/ros2_homework_advanced_package) by extension 'ignore_ament_install'
[0.174s] Level 1:colcon.colcon_core.package_identification:_identify(src/ros2_homework_advanced_package) by extensions ['colcon_pkg']
[0.174s] Level 1:colcon.colcon_core.package_identification:_identify(src/ros2_homework_advanced_package) by extension 'colcon_pkg'
[0.174s] Level 1:colcon.colcon_core.package_identification:_identify(src/ros2_homework_advanced_package) by extensions ['colcon_meta']
[0.174s] Level 1:colcon.colcon_core.package_identification:_identify(src/ros2_homework_advanced_package) by extension 'colcon_meta'
[0.174s] Level 1:colcon.colcon_core.package_identification:_identify(src/ros2_homework_advanced_package) by extensions ['ros']
[0.174s] Level 1:colcon.colcon_core.package_identification:_identify(src/ros2_homework_advanced_package) by extension 'ros'
[0.174s] DEBUG:colcon.colcon_core.package_identification:Package 'src/ros2_homework_advanced_package' with type 'ros.ament_cmake' and name 'ros2_homework_advanced_package'
[0.174s] Level 1:colcon.colcon_core.package_discovery:discover_packages(recursive) using defaults
[0.174s] Level 1:colcon.colcon_core.package_discovery:discover_packages(ignore) discover
[0.174s] Level 1:colcon.colcon_core.package_discovery:discover_packages(ignore) using defaults
[0.174s] Level 1:colcon.colcon_core.package_discovery:discover_packages(path) discover
[0.174s] Level 1:colcon.colcon_core.package_discovery:discover_packages(path) using defaults
[0.195s] Level 1:colcon.colcon_core.package_discovery:discover_packages(prefix_path) check parameters
[0.195s] Level 1:colcon.colcon_core.package_discovery:discover_packages(prefix_path) discover
[0.196s] DEBUG:colcon.colcon_installed_package_information.package_discovery:Found 1 installed packages in /home/wu/Desktop/26_wuren_wuchunming/Ros2/ros2_homework_basic_ws/install
[0.196s] DEBUG:colcon.colcon_installed_package_information.package_discovery:Found 2 installed packages in /home/wu/Desktop/学习/ros2_learning-main/ros2_case/install
[0.197s] DEBUG:colcon.colcon_installed_package_information.package_discovery:Found 278 installed packages in /opt/ros/humble
[0.198s] Level 1:colcon.colcon_core.package_discovery:discover_packages(prefix_path) using defaults
[0.220s] Level 5:colcon.colcon_core.verb:set package 'fsd_common_msgs' build argument 'cmake_args' from command line to 'None'
[0.220s] Level 5:colcon.colcon_core.verb:set package 'fsd_common_msgs' build argument 'cmake_target' from command line to 'None'
[0.220s] Level 5:colcon.colcon_core.verb:set package 'fsd_common_msgs' build argument 'cmake_target_skip_unavailable' from command line to 'False'
[0.220s] Level 5:colcon.colcon_core.verb:set package 'fsd_common_msgs' build argument 'cmake_clean_cache' from command line to 'False'
[0.220s] Level 5:colcon.colcon_core.verb:set package 'fsd_common_msgs' build argument 'cmake_clean_first' from command line to 'False'
[0.220s] Level 5:colcon.colcon_core.verb:set package 'fsd_common_msgs' build argument 'cmake_force_configure' from command line to 'False'
[0.220s] Level 5:colcon.colcon_core.verb:set package 'fsd_common_msgs' build argument 'ament_cmake_args' from command line to 'None'
[0.220s] Level 5:colcon.colcon_core.verb:set package 'fsd_common_msgs' build argument 'catkin_cmake_args' from command line to 'None'
[0.220s] Level 5:colcon.colcon_core.verb:set package 'fsd_common_msgs' build argument 'catkin_skip_building_tests' from command line to 'False'
[0.220s] DEBUG:colcon.colcon_core.verb:Building package 'fsd_common_msgs' with the following arguments: {'ament_cmake_args': None, 'build_base': '/home/wu/Desktop/26_wuren_wuchunming/Ros2/ros2_homework_advanced_ws/build/fsd_common_msgs', 'catkin_cmake_args': None, 'catkin_skip_building_tests': False, 'cmake_args': None, 'cmake_clean_cache': False, 'cmake_clean_first': False, 'cmake_force_configure': False, 'cmake_target': None, 'cmake_target_skip_unavailable': False, 'install_base': '/home/wu/Desktop/26_wuren_wuchunming/Ros2/ros2_homework_advanced_ws/install/fsd_common_msgs', 'merge_install': False, 'path': '/home/wu/Desktop/26_wuren_wuchunming/Ros2/ros2_homework_advanced_ws/src/fsd_common_msgs', 'symlink_install': False, 'test_result_base': None}
[0.220s] Level 5:colcon.colcon_core.verb:set package 'ros2_homework_advanced_package' build argument 'cmake_args' from command line to 'None'
[0.220s] Level 5:colcon.colcon_core.verb:set package 'ros2_homework_advanced_package' build argument 'cmake_target' from command line to 'None'
[0.220s] Level 5:colcon.colcon_core.verb:set package 'ros2_homework_advanced_package' build argument 'cmake_target_skip_unavailable' from command line to 'False'
[0.220s] Level 5:colcon.colcon_core.verb:set package 'ros2_homework_advanced_package' build argument 'cmake_clean_cache' from command line to 'False'
[0.220s] Level 5:colcon.colcon_core.verb:set package 'ros2_homework_advanced_package' build argument 'cmake_clean_first' from command line to 'False'
[0.220s] Level 5:colcon.colcon_core.verb:set package 'ros2_homework_advanced_package' build argument 'cmake_force_configure' from command line to 'False'
[0.220s] Level 5:colcon.colcon_core.verb:set package 'ros2_homework_advanced_package' build argument 'ament_cmake_args' from command line to 'None'
[0.220s] Level 5:colcon.colcon_core.verb:set package 'ros2_homework_advanced_package' build argument 'catkin_cmake_args' from command line to 'None'
[0.220s] Level 5:colcon.colcon_core.verb:set package 'ros2_homework_advanced_package' build argument 'catkin_skip_building_tests' from command line to 'False'
[0.220s] DEBUG:colcon.colcon_core.verb:Building package 'ros2_homework_advanced_package' with the following arguments: {'ament_cmake_args': None, 'build_base': '/home/wu/Desktop/26_wuren_wuchunming/Ros2/ros2_homework_advanced_ws/build/ros2_homework_advanced_package', 'catkin_cmake_args': None, 'catkin_skip_building_tests': False, 'cmake_args': None, 'cmake_clean_cache': False, 'cmake_clean_first': False, 'cmake_force_configure': False, 'cmake_target': None, 'cmake_target_skip_unavailable': False, 'install_base': '/home/wu/Desktop/26_wuren_wuchunming/Ros2/ros2_homework_advanced_ws/install/ros2_homework_advanced_package', 'merge_install': False, 'path': '/home/wu/Desktop/26_wuren_wuchunming/Ros2/ros2_homework_advanced_ws/src/ros2_homework_advanced_package', 'symlink_install': False, 'test_result_base': None}
[0.220s] INFO:colcon.colcon_core.executor:Executing jobs using 'parallel' executor
[0.221s] DEBUG:colcon.colcon_parallel_executor.executor.parallel:run_until_complete
[0.221s] INFO:colcon.colcon_ros.task.ament_cmake.build:Building ROS package in '/home/wu/Desktop/26_wuren_wuchunming/Ros2/ros2_homework_advanced_ws/src/fsd_common_msgs' with build type 'ament_cmake'
[0.221s] INFO:colcon.colcon_cmake.task.cmake.build:Building CMake package in '/home/wu/Desktop/26_wuren_wuchunming/Ros2/ros2_homework_advanced_ws/src/fsd_common_msgs'
[0.222s] INFO:colcon.colcon_core.plugin_system:Skipping extension 'colcon_core.shell.bat': Not used on non-Windows systems
[0.222s] INFO:colcon.colcon_core.shell:Skip shell extension 'powershell' for command environment: Not usable outside of PowerShell
[0.222s] DEBUG:colcon.colcon_core.shell:Skip shell extension 'dsv' for command environment
[0.227s] DEBUG:colcon.colcon_core.event_handler.log_command:Invoking command in '/home/wu/Desktop/26_wuren_wuchunming/Ros2/ros2_homework_advanced_ws/build/fsd_common_msgs': CMAKE_PREFIX_PATH=${CMAKE_PREFIX_PATH}:/opt/ros/humble /usr/bin/cmake /home/wu/Desktop/26_wuren_wuchunming/Ros2/ros2_homework_advanced_ws/src/fsd_common_msgs -DCMAKE_INSTALL_PREFIX=/home/wu/Desktop/26_wuren_wuchunming/Ros2/ros2_homework_advanced_ws/install/fsd_common_msgs
[2.143s] DEBUG:colcon.colcon_core.event_handler.log_command:Invoked command in '/home/wu/Desktop/26_wuren_wuchunming/Ros2/ros2_homework_advanced_ws/build/fsd_common_msgs' returned '0': CMAKE_PREFIX_PATH=${CMAKE_PREFIX_PATH}:/opt/ros/humble /usr/bin/cmake /home/wu/Desktop/26_wuren_wuchunming/Ros2/ros2_homework_advanced_ws/src/fsd_common_msgs -DCMAKE_INSTALL_PREFIX=/home/wu/Desktop/26_wuren_wuchunming/Ros2/ros2_homework_advanced_ws/install/fsd_common_msgs
[2.143s] DEBUG:colcon.colcon_core.event_handler.log_command:Invoking command in '/home/wu/Desktop/26_wuren_wuchunming/Ros2/ros2_homework_advanced_ws/build/fsd_common_msgs': CMAKE_PREFIX_PATH=${CMAKE_PREFIX_PATH}:/opt/ros/humble /usr/bin/cmake --build /home/wu/Desktop/26_wuren_wuchunming/Ros2/ros2_homework_advanced_ws/build/fsd_common_msgs -- -j24 -l24
[11.828s] DEBUG:colcon.colcon_core.event_handler.log_command:Invoked command in '/home/wu/Desktop/26_wuren_wuchunming/Ros2/ros2_homework_advanced_ws/build/fsd_common_msgs' returned '0': CMAKE_PREFIX_PATH=${CMAKE_PREFIX_PATH}:/opt/ros/humble /usr/bin/cmake --build /home/wu/Desktop/26_wuren_wuchunming/Ros2/ros2_homework_advanced_ws/build/fsd_common_msgs -- -j24 -l24
[11.834s] DEBUG:colcon.colcon_core.event_handler.log_command:Invoking command in '/home/wu/Desktop/26_wuren_wuchunming/Ros2/ros2_homework_advanced_ws/build/fsd_common_msgs': CMAKE_PREFIX_PATH=${CMAKE_PREFIX_PATH}:/opt/ros/humble /usr/bin/cmake --install /home/wu/Desktop/26_wuren_wuchunming/Ros2/ros2_homework_advanced_ws/build/fsd_common_msgs
[11.949s] Level 1:colcon.colcon_core.environment:create_environment_scripts_only(fsd_common_msgs)
[11.950s] DEBUG:colcon.colcon_core.event_handler.log_command:Invoked command in '/home/wu/Desktop/26_wuren_wuchunming/Ros2/ros2_homework_advanced_ws/build/fsd_common_msgs' returned '0': CMAKE_PREFIX_PATH=${CMAKE_PREFIX_PATH}:/opt/ros/humble /usr/bin/cmake --install /home/wu/Desktop/26_wuren_wuchunming/Ros2/ros2_homework_advanced_ws/build/fsd_common_msgs
[11.955s] Level 1:colcon.colcon_core.environment:checking '/home/wu/Desktop/26_wuren_wuchunming/Ros2/ros2_homework_advanced_ws/install/fsd_common_msgs' for CMake module files
[11.956s] Level 1:colcon.colcon_core.environment:checking '/home/wu/Desktop/26_wuren_wuchunming/Ros2/ros2_homework_advanced_ws/install/fsd_common_msgs' for CMake config files
[11.958s] Level 1:colcon.colcon_core.shell:create_environment_hook('fsd_common_msgs', 'cmake_prefix_path')
[11.958s] INFO:colcon.colcon_core.shell:Creating environment hook '/home/wu/Desktop/26_wuren_wuchunming/Ros2/ros2_homework_advanced_ws/install/fsd_common_msgs/share/fsd_common_msgs/hook/cmake_prefix_path.ps1'
[11.959s] INFO:colcon.colcon_core.shell:Creating environment descriptor '/home/wu/Desktop/26_wuren_wuchunming/Ros2/ros2_homework_advanced_ws/install/fsd_common_msgs/share/fsd_common_msgs/hook/cmake_prefix_path.dsv'
[11.960s] INFO:colcon.colcon_core.shell:Creating environment hook '/home/wu/Desktop/26_wuren_wuchunming/Ros2/ros2_homework_advanced_ws/install/fsd_common_msgs/share/fsd_common_msgs/hook/cmake_prefix_path.sh'
[11.962s] Level 1:colcon.colcon_core.environment:checking '/home/wu/Desktop/26_wuren_wuchunming/Ros2/ros2_homework_advanced_ws/install/fsd_common_msgs/lib'
[11.962s] Level 1:colcon.colcon_core.shell:create_environment_hook('fsd_common_msgs', 'ld_library_path_lib')
[11.962s] INFO:colcon.colcon_core.shell:Creating environment hook '/home/wu/Desktop/26_wuren_wuchunming/Ros2/ros2_homework_advanced_ws/install/fsd_common_msgs/share/fsd_common_msgs/hook/ld_library_path_lib.ps1'
[11.963s] INFO:colcon.colcon_core.shell:Creating environment descriptor '/home/wu/Desktop/26_wuren_wuchunming/Ros2/ros2_homework_advanced_ws/install/fsd_common_msgs/share/fsd_common_msgs/hook/ld_library_path_lib.dsv'
[11.963s] INFO:colcon.colcon_core.shell:Creating environment hook '/home/wu/Desktop/26_wuren_wuchunming/Ros2/ros2_homework_advanced_ws/install/fsd_common_msgs/share/fsd_common_msgs/hook/ld_library_path_lib.sh'
[11.963s] Level 1:colcon.colcon_core.environment:checking '/home/wu/Desktop/26_wuren_wuchunming/Ros2/ros2_homework_advanced_ws/install/fsd_common_msgs/bin'
[11.963s] Level 1:colcon.colcon_core.environment:checking '/home/wu/Desktop/26_wuren_wuchunming/Ros2/ros2_homework_advanced_ws/install/fsd_common_msgs/lib/pkgconfig/fsd_common_msgs.pc'
[11.963s] Level 1:colcon.colcon_core.environment:checking '/home/wu/Desktop/26_wuren_wuchunming/Ros2/ros2_homework_advanced_ws/install/fsd_common_msgs/lib/python3.10/site-packages'
[11.964s] Level 1:colcon.colcon_core.environment:checking '/home/wu/Desktop/26_wuren_wuchunming/Ros2/ros2_homework_advanced_ws/install/fsd_common_msgs/bin'
[11.964s] INFO:colcon.colcon_core.shell:Creating package script '/home/wu/Desktop/26_wuren_wuchunming/Ros2/ros2_homework_advanced_ws/install/fsd_common_msgs/share/fsd_common_msgs/package.ps1'
[11.965s] INFO:colcon.colcon_core.shell:Creating package descriptor '/home/wu/Desktop/26_wuren_wuchunming/Ros2/ros2_homework_advanced_ws/install/fsd_common_msgs/share/fsd_common_msgs/package.dsv'
[11.966s] INFO:colcon.colcon_core.shell:Creating package script '/home/wu/Desktop/26_wuren_wuchunming/Ros2/ros2_homework_advanced_ws/install/fsd_common_msgs/share/fsd_common_msgs/package.sh'
[11.967s] INFO:colcon.colcon_core.shell:Creating package script '/home/wu/Desktop/26_wuren_wuchunming/Ros2/ros2_homework_advanced_ws/install/fsd_common_msgs/share/fsd_common_msgs/package.bash'
[11.968s] INFO:colcon.colcon_core.shell:Creating package script '/home/wu/Desktop/26_wuren_wuchunming/Ros2/ros2_homework_advanced_ws/install/fsd_common_msgs/share/fsd_common_msgs/package.zsh'
[11.969s] Level 1:colcon.colcon_core.environment:create_file_with_runtime_dependencies(/home/wu/Desktop/26_wuren_wuchunming/Ros2/ros2_homework_advanced_ws/install/fsd_common_msgs/share/colcon-core/packages/fsd_common_msgs)
[11.970s] Level 1:colcon.colcon_core.environment:create_environment_scripts_only(fsd_common_msgs)
[11.970s] Level 1:colcon.colcon_core.environment:checking '/home/wu/Desktop/26_wuren_wuchunming/Ros2/ros2_homework_advanced_ws/install/fsd_common_msgs' for CMake module files
[11.970s] Level 1:colcon.colcon_core.environment:checking '/home/wu/Desktop/26_wuren_wuchunming/Ros2/ros2_homework_advanced_ws/install/fsd_common_msgs' for CMake config files
[11.972s] Level 1:colcon.colcon_core.shell:create_environment_hook('fsd_common_msgs', 'cmake_prefix_path')
[11.972s] INFO:colcon.colcon_core.shell:Creating environment hook '/home/wu/Desktop/26_wuren_wuchunming/Ros2/ros2_homework_advanced_ws/install/fsd_common_msgs/share/fsd_common_msgs/hook/cmake_prefix_path.ps1'
[11.972s] INFO:colcon.colcon_core.shell:Creating environment descriptor '/home/wu/Desktop/26_wuren_wuchunming/Ros2/ros2_homework_advanced_ws/install/fsd_common_msgs/share/fsd_common_msgs/hook/cmake_prefix_path.dsv'
[11.973s] INFO:colcon.colcon_core.shell:Creating environment hook '/home/wu/Desktop/26_wuren_wuchunming/Ros2/ros2_homework_advanced_ws/install/fsd_common_msgs/share/fsd_common_msgs/hook/cmake_prefix_path.sh'
[11.973s] Level 1:colcon.colcon_core.environment:checking '/home/wu/Desktop/26_wuren_wuchunming/Ros2/ros2_homework_advanced_ws/install/fsd_common_msgs/lib'
[11.973s] Level 1:colcon.colcon_core.shell:create_environment_hook('fsd_common_msgs', 'ld_library_path_lib')
[11.973s] INFO:colcon.colcon_core.shell:Creating environment hook '/home/wu/Desktop/26_wuren_wuchunming/Ros2/ros2_homework_advanced_ws/install/fsd_common_msgs/share/fsd_common_msgs/hook/ld_library_path_lib.ps1'
[11.974s] INFO:colcon.colcon_core.shell:Creating environment descriptor '/home/wu/Desktop/26_wuren_wuchunming/Ros2/ros2_homework_advanced_ws/install/fsd_common_msgs/share/fsd_common_msgs/hook/ld_library_path_lib.dsv'
[11.974s] INFO:colcon.colcon_core.shell:Creating environment hook '/home/wu/Desktop/26_wuren_wuchunming/Ros2/ros2_homework_advanced_ws/install/fsd_common_msgs/share/fsd_common_msgs/hook/ld_library_path_lib.sh'
[11.974s] Level 1:colcon.colcon_core.environment:checking '/home/wu/Desktop/26_wuren_wuchunming/Ros2/ros2_homework_advanced_ws/install/fsd_common_msgs/bin'
[11.974s] Level 1:colcon.colcon_core.environment:checking '/home/wu/Desktop/26_wuren_wuchunming/Ros2/ros2_homework_advanced_ws/install/fsd_common_msgs/lib/pkgconfig/fsd_common_msgs.pc'
[11.974s] Level 1:colcon.colcon_core.environment:checking '/home/wu/Desktop/26_wuren_wuchunming/Ros2/ros2_homework_advanced_ws/install/fsd_common_msgs/lib/python3.10/site-packages'
[11.975s] Level 1:colcon.colcon_core.environment:checking '/home/wu/Desktop/26_wuren_wuchunming/Ros2/ros2_homework_advanced_ws/install/fsd_common_msgs/bin'
[11.975s] INFO:colcon.colcon_core.shell:Creating package script '/home/wu/Desktop/26_wuren_wuchunming/Ros2/ros2_homework_advanced_ws/install/fsd_common_msgs/share/fsd_common_msgs/package.ps1'
[11.975s] INFO:colcon.colcon_core.shell:Creating package descriptor '/home/wu/Desktop/26_wuren_wuchunming/Ros2/ros2_homework_advanced_ws/install/fsd_common_msgs/share/fsd_common_msgs/package.dsv'
[11.976s] INFO:colcon.colcon_core.shell:Creating package script '/home/wu/Desktop/26_wuren_wuchunming/Ros2/ros2_homework_advanced_ws/install/fsd_common_msgs/share/fsd_common_msgs/package.sh'
[11.976s] INFO:colcon.colcon_core.shell:Creating package script '/home/wu/Desktop/26_wuren_wuchunming/Ros2/ros2_homework_advanced_ws/install/fsd_common_msgs/share/fsd_common_msgs/package.bash'
[11.976s] INFO:colcon.colcon_core.shell:Creating package script '/home/wu/Desktop/26_wuren_wuchunming/Ros2/ros2_homework_advanced_ws/install/fsd_common_msgs/share/fsd_common_msgs/package.zsh'
[11.976s] Level 1:colcon.colcon_core.environment:create_file_with_runtime_dependencies(/home/wu/Desktop/26_wuren_wuchunming/Ros2/ros2_homework_advanced_ws/install/fsd_common_msgs/share/colcon-core/packages/fsd_common_msgs)
[11.977s] INFO:colcon.colcon_ros.task.ament_cmake.build:Building ROS package in '/home/wu/Desktop/26_wuren_wuchunming/Ros2/ros2_homework_advanced_ws/src/ros2_homework_advanced_package' with build type 'ament_cmake'
[11.977s] INFO:colcon.colcon_cmake.task.cmake.build:Building CMake package in '/home/wu/Desktop/26_wuren_wuchunming/Ros2/ros2_homework_advanced_ws/src/ros2_homework_advanced_package'
[11.977s] INFO:colcon.colcon_core.shell:Skip shell extension 'powershell' for command environment: Not usable outside of PowerShell
[11.977s] DEBUG:colcon.colcon_core.shell:Skip shell extension 'dsv' for command environment
[11.986s] DEBUG:colcon.colcon_core.event_handler.log_command:Invoking command in '/home/wu/Desktop/26_wuren_wuchunming/Ros2/ros2_homework_advanced_ws/build/ros2_homework_advanced_package': AMENT_PREFIX_PATH=/home/wu/Desktop/26_wuren_wuchunming/Ros2/ros2_homework_advanced_ws/install/fsd_common_msgs:${AMENT_PREFIX_PATH} CMAKE_PREFIX_PATH=/home/wu/Desktop/26_wuren_wuchunming/Ros2/ros2_homework_advanced_ws/install/fsd_common_msgs:/home/wu/Desktop/26_wuren_wuchunming/Ros2/ros2_homework_basic_ws/install/ros2_homework_basic_package:/home/wu/Desktop/学习/ros2_learning-main/ros2_case/install/topic_case_package:/home/wu/Desktop/学习/ros2_learning-main/ros2_case/install/param_case_package:/opt/ros/humble LD_LIBRARY_PATH=/home/wu/Desktop/26_wuren_wuchunming/Ros2/ros2_homework_advanced_ws/install/fsd_common_msgs/lib:${LD_LIBRARY_PATH} PYTHONPATH=/home/wu/Desktop/26_wuren_wuchunming/Ros2/ros2_homework_advanced_ws/install/fsd_common_msgs/local/lib/python3.10/dist-packages:${PYTHONPATH} /usr/bin/cmake /home/wu/Desktop/26_wuren_wuchunming/Ros2/ros2_homework_advanced_ws/src/ros2_homework_advanced_package -DCMAKE_INSTALL_PREFIX=/home/wu/Desktop/26_wuren_wuchunming/Ros2/ros2_homework_advanced_ws/install/ros2_homework_advanced_package
[13.111s] DEBUG:colcon.colcon_core.event_handler.log_command:Invoked command in '/home/wu/Desktop/26_wuren_wuchunming/Ros2/ros2_homework_advanced_ws/build/ros2_homework_advanced_package' returned '0': AMENT_PREFIX_PATH=/home/wu/Desktop/26_wuren_wuchunming/Ros2/ros2_homework_advanced_ws/install/fsd_common_msgs:${AMENT_PREFIX_PATH} CMAKE_PREFIX_PATH=/home/wu/Desktop/26_wuren_wuchunming/Ros2/ros2_homework_advanced_ws/install/fsd_common_msgs:/home/wu/Desktop/26_wuren_wuchunming/Ros2/ros2_homework_basic_ws/install/ros2_homework_basic_package:/home/wu/Desktop/学习/ros2_learning-main/ros2_case/install/topic_case_package:/home/wu/Desktop/学习/ros2_learning-main/ros2_case/install/param_case_package:/opt/ros/humble LD_LIBRARY_PATH=/home/wu/Desktop/26_wuren_wuchunming/Ros2/ros2_homework_advanced_ws/install/fsd_common_msgs/lib:${LD_LIBRARY_PATH} PYTHONPATH=/home/wu/Desktop/26_wuren_wuchunming/Ros2/ros2_homework_advanced_ws/install/fsd_common_msgs/local/lib/python3.10/dist-packages:${PYTHONPATH} /usr/bin/cmake /home/wu/Desktop/26_wuren_wuchunming/Ros2/ros2_homework_advanced_ws/src/ros2_homework_advanced_package -DCMAKE_INSTALL_PREFIX=/home/wu/Desktop/26_wuren_wuchunming/Ros2/ros2_homework_advanced_ws/install/ros2_homework_advanced_package
[13.111s] DEBUG:colcon.colcon_core.event_handler.log_command:Invoking command in '/home/wu/Desktop/26_wuren_wuchunming/Ros2/ros2_homework_advanced_ws/build/ros2_homework_advanced_package': AMENT_PREFIX_PATH=/home/wu/Desktop/26_wuren_wuchunming/Ros2/ros2_homework_advanced_ws/install/fsd_common_msgs:${AMENT_PREFIX_PATH} CMAKE_PREFIX_PATH=/home/wu/Desktop/26_wuren_wuchunming/Ros2/ros2_homework_advanced_ws/install/fsd_common_msgs:/home/wu/Desktop/26_wuren_wuchunming/Ros2/ros2_homework_basic_ws/install/ros2_homework_basic_package:/home/wu/Desktop/学习/ros2_learning-main/ros2_case/install/topic_case_package:/home/wu/Desktop/学习/ros2_learning-main/ros2_case/install/param_case_package:/opt/ros/humble LD_LIBRARY_PATH=/home/wu/Desktop/26_wuren_wuchunming/Ros2/ros2_homework_advanced_ws/install/fsd_common_msgs/lib:${LD_LIBRARY_PATH} PYTHONPATH=/home/wu/Desktop/26_wuren_wuchunming/Ros2/ros2_homework_advanced_ws/install/fsd_common_msgs/local/lib/python3.10/dist-packages:${PYTHONPATH} /usr/bin/cmake --build /home/wu/Desktop/26_wuren_wuchunming/Ros2/ros2_homework_advanced_ws/build/ros2_homework_advanced_package -- -j24 -l24
[18.713s] DEBUG:colcon.colcon_core.event_handler.log_command:Invoked command in '/home/wu/Desktop/26_wuren_wuchunming/Ros2/ros2_homework_advanced_ws/build/ros2_homework_advanced_package' returned '0': AMENT_PREFIX_PATH=/home/wu/Desktop/26_wuren_wuchunming/Ros2/ros2_homework_advanced_ws/install/fsd_common_msgs:${AMENT_PREFIX_PATH} CMAKE_PREFIX_PATH=/home/wu/Desktop/26_wuren_wuchunming/Ros2/ros2_homework_advanced_ws/install/fsd_common_msgs:/home/wu/Desktop/26_wuren_wuchunming/Ros2/ros2_homework_basic_ws/install/ros2_homework_basic_package:/home/wu/Desktop/学习/ros2_learning-main/ros2_case/install/topic_case_package:/home/wu/Desktop/学习/ros2_learning-main/ros2_case/install/param_case_package:/opt/ros/humble LD_LIBRARY_PATH=/home/wu/Desktop/26_wuren_wuchunming/Ros2/ros2_homework_advanced_ws/install/fsd_common_msgs/lib:${LD_LIBRARY_PATH} PYTHONPATH=/home/wu/Desktop/26_wuren_wuchunming/Ros2/ros2_homework_advanced_ws/install/fsd_common_msgs/local/lib/python3.10/dist-packages:${PYTHONPATH} /usr/bin/cmake --build /home/wu/Desktop/26_wuren_wuchunming/Ros2/ros2_homework_advanced_ws/build/ros2_homework_advanced_package -- -j24 -l24
[18.714s] DEBUG:colcon.colcon_core.event_handler.log_command:Invoking command in '/home/wu/Desktop/26_wuren_wuchunming/Ros2/ros2_homework_advanced_ws/build/ros2_homework_advanced_package': AMENT_PREFIX_PATH=/home/wu/Desktop/26_wuren_wuchunming/Ros2/ros2_homework_advanced_ws/install/fsd_common_msgs:${AMENT_PREFIX_PATH} CMAKE_PREFIX_PATH=/home/wu/Desktop/26_wuren_wuchunming/Ros2/ros2_homework_advanced_ws/install/fsd_common_msgs:/home/wu/Desktop/26_wuren_wuchunming/Ros2/ros2_homework_basic_ws/install/ros2_homework_basic_package:/home/wu/Desktop/学习/ros2_learning-main/ros2_case/install/topic_case_package:/home/wu/Desktop/学习/ros2_learning-main/ros2_case/install/param_case_package:/opt/ros/humble LD_LIBRARY_PATH=/home/wu/Desktop/26_wuren_wuchunming/Ros2/ros2_homework_advanced_ws/install/fsd_common_msgs/lib:${LD_LIBRARY_PATH} PYTHONPATH=/home/wu/Desktop/26_wuren_wuchunming/Ros2/ros2_homework_advanced_ws/install/fsd_common_msgs/local/lib/python3.10/dist-packages:${PYTHONPATH} /usr/bin/cmake --install /home/wu/Desktop/26_wuren_wuchunming/Ros2/ros2_homework_advanced_ws/build/ros2_homework_advanced_package
[18.738s] Level 1:colcon.colcon_core.environment:create_environment_scripts_only(ros2_homework_advanced_package)
[18.738s] Level 1:colcon.colcon_core.environment:checking '/home/wu/Desktop/26_wuren_wuchunming/Ros2/ros2_homework_advanced_ws/install/ros2_homework_advanced_package' for CMake module files
[18.739s] DEBUG:colcon.colcon_core.event_handler.log_command:Invoked command in '/home/wu/Desktop/26_wuren_wuchunming/Ros2/ros2_homework_advanced_ws/build/ros2_homework_advanced_package' returned '0': AMENT_PREFIX_PATH=/home/wu/Desktop/26_wuren_wuchunming/Ros2/ros2_homework_advanced_ws/install/fsd_common_msgs:${AMENT_PREFIX_PATH} CMAKE_PREFIX_PATH=/home/wu/Desktop/26_wuren_wuchunming/Ros2/ros2_homework_advanced_ws/install/fsd_common_msgs:/home/wu/Desktop/26_wuren_wuchunming/Ros2/ros2_homework_basic_ws/install/ros2_homework_basic_package:/home/wu/Desktop/学习/ros2_learning-main/ros2_case/install/topic_case_package:/home/wu/Desktop/学习/ros2_learning-main/ros2_case/install/param_case_package:/opt/ros/humble LD_LIBRARY_PATH=/home/wu/Desktop/26_wuren_wuchunming/Ros2/ros2_homework_advanced_ws/install/fsd_common_msgs/lib:${LD_LIBRARY_PATH} PYTHONPATH=/home/wu/Desktop/26_wuren_wuchunming/Ros2/ros2_homework_advanced_ws/install/fsd_common_msgs/local/lib/python3.10/dist-packages:${PYTHONPATH} /usr/bin/cmake --install /home/wu/Desktop/26_wuren_wuchunming/Ros2/ros2_homework_advanced_ws/build/ros2_homework_advanced_package
[18.739s] Level 1:colcon.colcon_core.environment:checking '/home/wu/Desktop/26_wuren_wuchunming/Ros2/ros2_homework_advanced_ws/install/ros2_homework_advanced_package' for CMake config files
[18.739s] Level 1:colcon.colcon_core.shell:create_environment_hook('ros2_homework_advanced_package', 'cmake_prefix_path')
[18.739s] INFO:colcon.colcon_core.shell:Creating environment hook '/home/wu/Desktop/26_wuren_wuchunming/Ros2/ros2_homework_advanced_ws/install/ros2_homework_advanced_package/share/ros2_homework_advanced_package/hook/cmake_prefix_path.ps1'
[18.740s] INFO:colcon.colcon_core.shell:Creating environment descriptor '/home/wu/Desktop/26_wuren_wuchunming/Ros2/ros2_homework_advanced_ws/install/ros2_homework_advanced_package/share/ros2_homework_advanced_package/hook/cmake_prefix_path.dsv'
[18.740s] INFO:colcon.colcon_core.shell:Creating environment hook '/home/wu/Desktop/26_wuren_wuchunming/Ros2/ros2_homework_advanced_ws/install/ros2_homework_advanced_package/share/ros2_homework_advanced_package/hook/cmake_prefix_path.sh'
[18.740s] Level 1:colcon.colcon_core.environment:checking '/home/wu/Desktop/26_wuren_wuchunming/Ros2/ros2_homework_advanced_ws/install/ros2_homework_advanced_package/lib'
[18.740s] Level 1:colcon.colcon_core.environment:checking '/home/wu/Desktop/26_wuren_wuchunming/Ros2/ros2_homework_advanced_ws/install/ros2_homework_advanced_package/bin'
[18.740s] Level 1:colcon.colcon_core.environment:checking '/home/wu/Desktop/26_wuren_wuchunming/Ros2/ros2_homework_advanced_ws/install/ros2_homework_advanced_package/lib/pkgconfig/ros2_homework_advanced_package.pc'
[18.740s] Level 1:colcon.colcon_core.environment:checking '/home/wu/Desktop/26_wuren_wuchunming/Ros2/ros2_homework_advanced_ws/install/ros2_homework_advanced_package/lib/python3.10/site-packages'
[18.741s] Level 1:colcon.colcon_core.environment:checking '/home/wu/Desktop/26_wuren_wuchunming/Ros2/ros2_homework_advanced_ws/install/ros2_homework_advanced_package/bin'
[18.741s] INFO:colcon.colcon_core.shell:Creating package script '/home/wu/Desktop/26_wuren_wuchunming/Ros2/ros2_homework_advanced_ws/install/ros2_homework_advanced_package/share/ros2_homework_advanced_package/package.ps1'
[18.741s] INFO:colcon.colcon_core.shell:Creating package descriptor '/home/wu/Desktop/26_wuren_wuchunming/Ros2/ros2_homework_advanced_ws/install/ros2_homework_advanced_package/share/ros2_homework_advanced_package/package.dsv'
[18.741s] INFO:colcon.colcon_core.shell:Creating package script '/home/wu/Desktop/26_wuren_wuchunming/Ros2/ros2_homework_advanced_ws/install/ros2_homework_advanced_package/share/ros2_homework_advanced_package/package.sh'
[18.741s] INFO:colcon.colcon_core.shell:Creating package script '/home/wu/Desktop/26_wuren_wuchunming/Ros2/ros2_homework_advanced_ws/install/ros2_homework_advanced_package/share/ros2_homework_advanced_package/package.bash'
[18.742s] INFO:colcon.colcon_core.shell:Creating package script '/home/wu/Desktop/26_wuren_wuchunming/Ros2/ros2_homework_advanced_ws/install/ros2_homework_advanced_package/share/ros2_homework_advanced_package/package.zsh'
[18.742s] Level 1:colcon.colcon_core.environment:create_file_with_runtime_dependencies(/home/wu/Desktop/26_wuren_wuchunming/Ros2/ros2_homework_advanced_ws/install/ros2_homework_advanced_package/share/colcon-core/packages/ros2_homework_advanced_package)
[18.742s] Level 1:colcon.colcon_core.environment:create_environment_scripts_only(ros2_homework_advanced_package)
[18.742s] Level 1:colcon.colcon_core.environment:checking '/home/wu/Desktop/26_wuren_wuchunming/Ros2/ros2_homework_advanced_ws/install/ros2_homework_advanced_package' for CMake module files
[18.742s] Level 1:colcon.colcon_core.environment:checking '/home/wu/Desktop/26_wuren_wuchunming/Ros2/ros2_homework_advanced_ws/install/ros2_homework_advanced_package' for CMake config files
[18.743s] Level 1:colcon.colcon_core.shell:create_environment_hook('ros2_homework_advanced_package', 'cmake_prefix_path')
[18.743s] INFO:colcon.colcon_core.shell:Creating environment hook '/home/wu/Desktop/26_wuren_wuchunming/Ros2/ros2_homework_advanced_ws/install/ros2_homework_advanced_package/share/ros2_homework_advanced_package/hook/cmake_prefix_path.ps1'
[18.743s] INFO:colcon.colcon_core.shell:Creating environment descriptor '/home/wu/Desktop/26_wuren_wuchunming/Ros2/ros2_homework_advanced_ws/install/ros2_homework_advanced_package/share/ros2_homework_advanced_package/hook/cmake_prefix_path.dsv'
[18.743s] INFO:colcon.colcon_core.shell:Creating environment hook '/home/wu/Desktop/26_wuren_wuchunming/Ros2/ros2_homework_advanced_ws/install/ros2_homework_advanced_package/share/ros2_homework_advanced_package/hook/cmake_prefix_path.sh'
[18.744s] Level 1:colcon.colcon_core.environment:checking '/home/wu/Desktop/26_wuren_wuchunming/Ros2/ros2_homework_advanced_ws/install/ros2_homework_advanced_package/lib'
[18.744s] Level 1:colcon.colcon_core.environment:checking '/home/wu/Desktop/26_wuren_wuchunming/Ros2/ros2_homework_advanced_ws/install/ros2_homework_advanced_package/bin'
[18.744s] Level 1:colcon.colcon_core.environment:checking '/home/wu/Desktop/26_wuren_wuchunming/Ros2/ros2_homework_advanced_ws/install/ros2_homework_advanced_package/lib/pkgconfig/ros2_homework_advanced_package.pc'
[18.744s] Level 1:colcon.colcon_core.environment:checking '/home/wu/Desktop/26_wuren_wuchunming/Ros2/ros2_homework_advanced_ws/install/ros2_homework_advanced_package/lib/python3.10/site-packages'
[18.744s] Level 1:colcon.colcon_core.environment:checking '/home/wu/Desktop/26_wuren_wuchunming/Ros2/ros2_homework_advanced_ws/install/ros2_homework_advanced_package/bin'
[18.744s] INFO:colcon.colcon_core.shell:Creating package script '/home/wu/Desktop/26_wuren_wuchunming/Ros2/ros2_homework_advanced_ws/install/ros2_homework_advanced_package/share/ros2_homework_advanced_package/package.ps1'
[18.745s] INFO:colcon.colcon_core.shell:Creating package descriptor '/home/wu/Desktop/26_wuren_wuchunming/Ros2/ros2_homework_advanced_ws/install/ros2_homework_advanced_package/share/ros2_homework_advanced_package/package.dsv'
[18.745s] INFO:colcon.colcon_core.shell:Creating package script '/home/wu/Desktop/26_wuren_wuchunming/Ros2/ros2_homework_advanced_ws/install/ros2_homework_advanced_package/share/ros2_homework_advanced_package/package.sh'
[18.746s] INFO:colcon.colcon_core.shell:Creating package script '/home/wu/Desktop/26_wuren_wuchunming/Ros2/ros2_homework_advanced_ws/install/ros2_homework_advanced_package/share/ros2_homework_advanced_package/package.bash'
[18.747s] INFO:colcon.colcon_core.shell:Creating package script '/home/wu/Desktop/26_wuren_wuchunming/Ros2/ros2_homework_advanced_ws/install/ros2_homework_advanced_package/share/ros2_homework_advanced_package/package.zsh'
[18.747s] Level 1:colcon.colcon_core.environment:create_file_with_runtime_dependencies(/home/wu/Desktop/26_wuren_wuchunming/Ros2/ros2_homework_advanced_ws/install/ros2_homework_advanced_package/share/colcon-core/packages/ros2_homework_advanced_package)
[18.747s] DEBUG:colcon.colcon_parallel_executor.executor.parallel:closing loop
[18.747s] DEBUG:colcon.colcon_parallel_executor.executor.parallel:loop closed
[18.748s] DEBUG:colcon.colcon_parallel_executor.executor.parallel:run_until_complete finished with '0'
[18.748s] DEBUG:colcon.colcon_core.event_reactor:joining thread
[18.758s] INFO:colcon.colcon_core.plugin_system:Skipping extension 'colcon_notification.desktop_notification.terminal_notifier': Not used on non-Darwin systems
[18.758s] INFO:colcon.colcon_core.plugin_system:Skipping extension 'colcon_notification.desktop_notification.win32': Not used on non-Windows systems
[18.758s] INFO:colcon.colcon_notification.desktop_notification:Sending desktop notification using 'notify2'
[18.769s] DEBUG:colcon.colcon_core.event_reactor:joined thread
[18.769s] INFO:colcon.colcon_core.shell:Creating prefix script '/home/wu/Desktop/26_wuren_wuchunming/Ros2/ros2_homework_advanced_ws/install/local_setup.ps1'
[18.771s] INFO:colcon.colcon_core.shell:Creating prefix util module '/home/wu/Desktop/26_wuren_wuchunming/Ros2/ros2_homework_advanced_ws/install/_local_setup_util_ps1.py'
[18.772s] INFO:colcon.colcon_core.shell:Creating prefix chain script '/home/wu/Desktop/26_wuren_wuchunming/Ros2/ros2_homework_advanced_ws/install/setup.ps1'
[18.774s] INFO:colcon.colcon_core.shell:Creating prefix script '/home/wu/Desktop/26_wuren_wuchunming/Ros2/ros2_homework_advanced_ws/install/local_setup.sh'
[18.775s] INFO:colcon.colcon_core.shell:Creating prefix util module '/home/wu/Desktop/26_wuren_wuchunming/Ros2/ros2_homework_advanced_ws/install/_local_setup_util_sh.py'
[18.775s] INFO:colcon.colcon_core.shell:Creating prefix chain script '/home/wu/Desktop/26_wuren_wuchunming/Ros2/ros2_homework_advanced_ws/install/setup.sh'
[18.776s] INFO:colcon.colcon_core.shell:Creating prefix script '/home/wu/Desktop/26_wuren_wuchunming/Ros2/ros2_homework_advanced_ws/install/local_setup.bash'
[18.777s] INFO:colcon.colcon_core.shell:Creating prefix chain script '/home/wu/Desktop/26_wuren_wuchunming/Ros2/ros2_homework_advanced_ws/install/setup.bash'
[18.778s] INFO:colcon.colcon_core.shell:Creating prefix script '/home/wu/Desktop/26_wuren_wuchunming/Ros2/ros2_homework_advanced_ws/install/local_setup.zsh'
[18.779s] INFO:colcon.colcon_core.shell:Creating prefix chain script '/home/wu/Desktop/26_wuren_wuchunming/Ros2/ros2_homework_advanced_ws/install/setup.zsh'
